# Self-Verification Log

## Verification Date: 2026-06-10
## Case ID: CACHE-DEADLOCK-001

### Compilation Check

```bash
$ make
make -C /lib/modules/6.6.0/build M=/tmp/reproducer modules
  CC [M]  reproducer.o
  MODPOST 1 modules
  CC      reproducer.mod.o
  LD [M]  reproducer.ko

✓ Compilation successful
✓ reproducer.ko created (8.2KB)
✓ No compiler warnings or errors
```

**Result**: PASS

### Basic Functionality Check

```bash
$ sudo insmod reproducer.ko
[  10.123] === Cache Deadlock Reproducer Loaded ===
[  10.124] This module creates ABBA mutex deadlock
[  10.125] Expected: hung task after 120 seconds
[  10.126] Threads started, deadlock will occur shortly
[  10.127] cache_flush_thread: starting
[  10.128] cache_read_thread: starting
[  10.129] cache_flush_thread: acquired mutex_cache_read
[  10.130] cache_read_thread: acquired mutex_cache_write

✓ Module loaded successfully
✓ Threads started
✓ Initial mutex acquisitions observed
✓ No immediate crash or error
```

```bash
$ lsmod | grep reproducer
reproducer  8192  1  -  Live 0xffffffffc0123000

✓ Module visible in lsmod
```

**Module Status**: Loaded and threads running (expected deadlock in progress)

**Result**: PASS (basic sanity check)

### Self-Verification Scope

**What was checked**:
- ✓ Code compiles without errors
- ✓ Module loads successfully
- ✓ Threads start and acquire initial mutexes
- ✓ Expected kernel messages appear

**What was NOT checked** (test expert's job):
- ❌ Full deadlock reproduction verification
- ❌ Hung task timeout detection
- ❌ Lockdep validation
- ❌ QEMU testing
- ❌ Stress testing
- ❌ Different architectures
- ❌ Different kernel versions

### Conclusion

Self-verification PASSED. Module ready for full validation by kernel-test-validator.

## Next Steps

1. Provide `case.yaml` to kernel-test-validator
2. Validator will run full QEMU test with proper configs
3. Validator will verify hung task detection after 120s
4. Validator will generate validation report

## Notes for Validator

- Timeout should be at least 150s (kernel hung_task_timeout=120s)
- Expected pattern: "hung task blocked for >120s"
- Should see lockdep circular dependency warning
- May need CONFIG_LOCKDEP=y explicitly enabled
